MemTotal:        4041576 kB
MemFree:         1636476 kB
MemAvailable:    3417920 kB
Buffers:          358140 kB
Cached:          1304540 kB
SwapCached:         6268 kB
Active:          1368948 kB
Inactive:         405332 kB
Active(anon):      36640 kB
Inactive(anon):   118224 kB
Active(file):    1332308 kB
Inactive(file):   287108 kB
Unevictable:        3652 kB
Mlocked:            3652 kB
SwapTotal:       2096444 kB
SwapFree:        2035844 kB
Dirty:               528 kB
Writeback:             0 kB
AnonPages:        113560 kB
Mapped:            36748 kB
Shmem:             40840 kB
Slab:             494156 kB
SReclaimable:     210204 kB
SUnreclaim:       283952 kB
KernelStack:        3824 kB
PageTables:         3904 kB
NFS_Unstable:          0 kB
Bounce:                0 kB
WritebackTmp:          0 kB
CommitLimit:     4117232 kB
Committed_AS:    1252832 kB
VmallocTotal:   34359738367 kB
VmallocUsed:           0 kB
VmallocChunk:          0 kB
HardwareCorrupted:     0 kB
AnonHugePages:         0 kB
CmaTotal:              0 kB
CmaFree:               0 kB
HugePages_Total:       0
HugePages_Free:        0
HugePages_Rsvd:        0
HugePages_Surp:        0
Hugepagesize:       2048 kB
DirectMap4k:     1947648 kB
DirectMap2M:     2373632 kB
DirectMap1G:           0 kB
